2026-05-11 19:16:02 INFO Log file: /Users/eshan/Documents/License-Plate-GT-Generation/logs/05_13_20260511_191602.log
2026-05-11 19:16:02 INFO Video name: 05/13.mp4
2026-05-11 19:16:02 INFO Stage 1: Vehicle Detection
2026-05-11 19:23:23 INFO Camera ID: 192-168-100-22
2026-05-11 19:23:23 INFO [192-168-100-22] Stage 1 — Number of detections: 14
2026-05-11 19:23:23 INFO [192-168-100-22] Stage 1 - Timestamp[0] = 00:47
2026-05-11 19:23:23 INFO [192-168-100-22] Stage 1 - Timestamp[1] = 13:55
2026-05-11 19:23:23 INFO [192-168-100-22] Stage 1 - Timestamp[2] = 15:33
2026-05-11 19:23:23 INFO [192-168-100-22] Stage 1 - Timestamp[3] = 15:53
2026-05-11 19:23:23 INFO [192-168-100-22] Stage 1 - Timestamp[4] = 23:01
2026-05-11 19:23:23 INFO [192-168-100-22] Stage 1 - Timestamp[5] = 23:27
2026-05-11 19:23:23 INFO [192-168-100-22] Stage 1 - Timestamp[6] = 30:42
2026-05-11 19:23:23 INFO [192-168-100-22] Stage 1 - Timestamp[7] = 34:17
2026-05-11 19:23:23 INFO [192-168-100-22] Stage 1 - Timestamp[8] = 38:13
2026-05-11 19:23:23 INFO [192-168-100-22] Stage 1 - Timestamp[9] = 40:39
2026-05-11 19:23:23 INFO [192-168-100-22] Stage 1 - Timestamp[10] = 40:57
2026-05-11 19:23:23 INFO [192-168-100-22] Stage 1 - Timestamp[11] = 41:46
2026-05-11 19:23:23 INFO [192-168-100-22] Stage 1 - Timestamp[12] = 45:16
2026-05-11 19:23:23 INFO [192-168-100-22] Stage 1 - Timestamp[13] = 52:10
2026-05-11 19:23:23 INFO Camera ID: 192-168-100-32
2026-05-11 19:23:23 INFO [192-168-100-32] Stage 1 — Number of detections: 12
2026-05-11 19:23:23 INFO [192-168-100-32] Stage 1 - Timestamp[0] = 00:47
2026-05-11 19:23:23 INFO [192-168-100-32] Stage 1 - Timestamp[1] = 13:54
2026-05-11 19:23:23 INFO [192-168-100-32] Stage 1 - Timestamp[2] = 15:31
2026-05-11 19:23:23 INFO [192-168-100-32] Stage 1 - Timestamp[3] = 15:51
2026-05-11 19:23:23 INFO [192-168-100-32] Stage 1 - Timestamp[4] = 30:40
2026-05-11 19:23:23 INFO [192-168-100-32] Stage 1 - Timestamp[5] = 34:15
2026-05-11 19:23:23 INFO [192-168-100-32] Stage 1 - Timestamp[6] = 38:11
2026-05-11 19:23:23 INFO [192-168-100-32] Stage 1 - Timestamp[7] = 40:38
2026-05-11 19:23:23 INFO [192-168-100-32] Stage 1 - Timestamp[8] = 40:55
2026-05-11 19:23:23 INFO [192-168-100-32] Stage 1 - Timestamp[9] = 41:44
2026-05-11 19:23:23 INFO [192-168-100-32] Stage 1 - Timestamp[10] = 45:14
2026-05-11 19:23:23 INFO [192-168-100-32] Stage 1 - Timestamp[11] = 52:08
2026-05-11 19:23:23 INFO Stage 2: License Plate Detection
2026-05-11 19:23:23 INFO ONNX Batch Size: 8
2026-05-11 19:27:28 INFO Camera ID: 192-168-100-22
2026-05-11 19:27:28 INFO [192-168-100-22] Stage 2 - Detected[0] = True
2026-05-11 19:27:28 INFO [192-168-100-22] Stage 2 - Detected[1] = True
2026-05-11 19:27:28 INFO [192-168-100-22] Stage 2 - Detected[2] = True
2026-05-11 19:27:28 INFO [192-168-100-22] Stage 2 - Detected[3] = True
2026-05-11 19:27:28 INFO [192-168-100-22] Stage 2 - Detected[4] = False
2026-05-11 19:27:28 INFO [192-168-100-22] Stage 2 - Detected[5] = False
2026-05-11 19:27:28 INFO [192-168-100-22] Stage 2 - Detected[6] = False
2026-05-11 19:27:28 INFO [192-168-100-22] Stage 2 - Detected[7] = True
2026-05-11 19:27:28 INFO [192-168-100-22] Stage 2 - Detected[8] = True
2026-05-11 19:27:28 INFO [192-168-100-22] Stage 2 - Detected[9] = True
2026-05-11 19:27:28 INFO [192-168-100-22] Stage 2 - Detected[10] = True
2026-05-11 19:27:28 INFO [192-168-100-22] Stage 2 - Detected[11] = True
2026-05-11 19:27:28 INFO [192-168-100-22] Stage 2 - Detected[12] = True
2026-05-11 19:27:28 INFO [192-168-100-22] Stage 2 - Detected[13] = True
2026-05-11 19:30:09 INFO Camera ID: 192-168-100-32
2026-05-11 19:30:09 INFO [192-168-100-32] Stage 2 - Detected[0] = True
2026-05-11 19:30:09 INFO [192-168-100-32] Stage 2 - Detected[1] = True
2026-05-11 19:30:09 INFO [192-168-100-32] Stage 2 - Detected[2] = False
2026-05-11 19:30:09 INFO [192-168-100-32] Stage 2 - Detected[3] = True
2026-05-11 19:30:09 INFO [192-168-100-32] Stage 2 - Detected[4] = False
2026-05-11 19:30:09 INFO [192-168-100-32] Stage 2 - Detected[5] = True
2026-05-11 19:30:09 INFO [192-168-100-32] Stage 2 - Detected[6] = True
2026-05-11 19:30:09 INFO [192-168-100-32] Stage 2 - Detected[7] = True
2026-05-11 19:30:09 INFO [192-168-100-32] Stage 2 - Detected[8] = True
2026-05-11 19:30:09 INFO [192-168-100-32] Stage 2 - Detected[9] = True
2026-05-11 19:30:09 INFO [192-168-100-32] Stage 2 - Detected[10] = True
2026-05-11 19:30:09 INFO [192-168-100-32] Stage 2 - Detected[11] = True
2026-05-11 19:30:09 INFO Stage 3: License Plate Recognition
2026-05-11 19:30:09 INFO Using device 'auto' with providers: ['CoreMLExecutionProvider', 'AzureExecutionProvider', 'CPUExecutionProvider']
2026-05-11 19:30:09 INFO Skipping download of 'cct-s-v2-global-model' model, already exists at /Users/eshan/.cache/fast-plate-ocr/cct-s-v2-global-model
2026-05-11 19:30:26 INFO Camera ID: 192-168-100-22
2026-05-11 19:30:26 INFO [192-168-100-22] Stage 3 — Plate[0] = 
2026-05-11 19:30:26 INFO [192-168-100-22] Stage 3 — Plate[1] = 
2026-05-11 19:30:26 INFO [192-168-100-22] Stage 3 — Plate[2] = 
2026-05-11 19:30:26 INFO [192-168-100-22] Stage 3 — Plate[3] = 
2026-05-11 19:30:26 INFO [192-168-100-22] Stage 3 — Plate[4] = 
2026-05-11 19:30:26 INFO [192-168-100-22] Stage 3 — Plate[5] = 
2026-05-11 19:30:26 INFO [192-168-100-22] Stage 3 — Plate[6] = 
2026-05-11 19:30:26 INFO [192-168-100-22] Stage 3 — Plate[7] = J30FFF
2026-05-11 19:30:26 INFO [192-168-100-22] Stage 3 — Plate[8] = 
2026-05-11 19:30:26 INFO [192-168-100-22] Stage 3 — Plate[9] = 
2026-05-11 19:30:26 INFO [192-168-100-22] Stage 3 — Plate[10] = V101RL
2026-05-11 19:30:26 INFO [192-168-100-22] Stage 3 — Plate[11] = VHS61X
2026-05-11 19:30:26 INFO [192-168-100-22] Stage 3 — Plate[12] = VV85JN
2026-05-11 19:30:26 INFO [192-168-100-22] Stage 3 — Plate[13] = VHS61X
2026-05-11 19:30:26 INFO Using device 'auto' with providers: ['CoreMLExecutionProvider', 'AzureExecutionProvider', 'CPUExecutionProvider']
2026-05-11 19:30:26 INFO Skipping download of 'cct-s-v2-global-model' model, already exists at /Users/eshan/.cache/fast-plate-ocr/cct-s-v2-global-model
2026-05-11 19:30:39 INFO Camera ID: 192-168-100-32
2026-05-11 19:30:39 INFO [192-168-100-32] Stage 3 — Plate[0] = 29WJPD
2026-05-11 19:30:39 INFO [192-168-100-32] Stage 3 — Plate[1] = 
2026-05-11 19:30:39 INFO [192-168-100-32] Stage 3 — Plate[2] = 
2026-05-11 19:30:39 INFO [192-168-100-32] Stage 3 — Plate[3] = 20BNR8
2026-05-11 19:30:39 INFO [192-168-100-32] Stage 3 — Plate[4] = 
2026-05-11 19:30:39 INFO [192-168-100-32] Stage 3 — Plate[5] = JLJ70F
2026-05-11 19:30:39 INFO [192-168-100-32] Stage 3 — Plate[6] = VV85JH
2026-05-11 19:30:39 INFO [192-168-100-32] Stage 3 — Plate[7] = OT92PN
2026-05-11 19:30:39 INFO [192-168-100-32] Stage 3 — Plate[8] = V1DHLL
2026-05-11 19:30:39 INFO [192-168-100-32] Stage 3 — Plate[9] = VHS61X
2026-05-11 19:30:39 INFO [192-168-100-32] Stage 3 — Plate[10] = OT92GF
2026-05-11 19:30:39 INFO [192-168-100-32] Stage 3 — Plate[11] = VHS61X
2026-05-11 19:30:39 INFO Total time taken: 877.239 seconds
